Traceback (most recent call last):
  File "/home/runner/local/lib/python3.13/site-packages/jupyter_cache/executors/utils.py", line 58, in single_nb_execution
    executenb(
    ~~~~~~~~~^
        nb,
        ^^^
    ...<4 lines>...
        **kwargs,
        ^^^^^^^^^
    )
    ^
  File "/home/runner/local/lib/python3.13/site-packages/nbclient/client.py", line 1323, in execute
    return NotebookClient(nb=nb, resources=resources, km=km, **kwargs).execute()
           ~~~~~~~~~~~~~~~~~~~~~~~~~~~~~~~~~~~~~~~~~~~~~~~~~~~~~~~~~~~~~~~~~~~^^
  File "/home/runner/local/lib/python3.13/site-packages/jupyter_core/utils/__init__.py", line 165, in wrapped
    return loop.run_until_complete(inner)
           ~~~~~~~~~~~~~~~~~~~~~~~^^^^^^^
  File "/home/runner/local/lib/python3.13/asyncio/base_events.py", line 726, in run_until_complete
    return future.result()
           ~~~~~~~~~~~~~^^
  File "/home/runner/local/lib/python3.13/site-packages/nbclient/client.py", line 709, in async_execute
    await self.async_execute_cell(
        cell, index, execution_count=self.code_cells_executed + 1
    )
  File "/home/runner/local/lib/python3.13/site-packages/nbclient/client.py", line 1062, in async_execute_cell
    await self._check_raise_for_error(cell, cell_index, exec_reply)
  File "/home/runner/local/lib/python3.13/site-packages/nbclient/client.py", line 918, in _check_raise_for_error
    raise CellExecutionError.from_cell_and_msg(cell, exec_reply_content)
nbclient.exceptions.CellExecutionError: An error occurred while executing the following cell:
------------------
ax = pk.plot.make_3Daxis()
pk.plot.add_planet_orbit(ax, pl0, units=pk.AU)
pk.plot.add_planet_orbit(ax, pl1, units=pk.AU)
fwd, bck = leg.get_state_info(100)
for segment in fwd:
    ax.scatter(segment[0,0], segment[0,1], segment[0,2], c = 'blue') 
    ax.plot(segment[:,0], segment[:,1], segment[:,2], c= 'blue') 
for segment in bck:
    ax.scatter(segment[0,0], segment[0,1], segment[0,2], c = 'darkorange') 
    ax.plot(segment[:,0], segment[:,1], segment[:,2], c= 'darkorange') 

ax.view_init(90,-90)

------------------


[31m---------------------------------------------------------------------------[39m
[31mValueError[39m                                Traceback (most recent call last)
[36mCell[39m[36m [39m[32mIn[7][39m[32m, line 4[39m
[32m      1[39m ax = pk.plot.make_3Daxis()
[32m      2[39m pk.plot.add_planet_orbit(ax, pl0, units=pk.AU)
[32m      3[39m pk.plot.add_planet_orbit(ax, pl1, units=pk.AU)
[32m----> [39m[32m4[39m fwd, bck = leg.get_state_info([32m100[39m)
[32m      5[39m [38;5;28;01mfor[39;00m segment [38;5;28;01min[39;00m fwd:
[32m      6[39m     ax.scatter(segment[[32m0[39m,[32m0[39m], segment[[32m0[39m,[32m1[39m], segment[[32m0[39m,[32m2[39m], c = [33m'blue'[39m)
[32m      7[39m     ax.plot(segment[:,[32m0[39m], segment[:,[32m1[39m], segment[:,[32m2[39m], c= [33m'blue'[39m)

[31mValueError[39m: too many values to unpack (expected 2)

